Running nbd/002
Testing IOCTL path
Testing the netlink path
Test complete
