Running block/009
0000000 0000 0000 0000 0000 0000 0000 0000 0000
*
2000000
0000000 0000 0000 0000 0000 0000 0000 0000 0000
*
2000000
Test complete
