Running scsi/007
Reading from scsi_debug failed
Test complete
