Configured SRP target driver
count_luns(): 3 <> 3
Passed
